// Jest Snapshot v1, https://goo.gl/fbAQLP

exports[`<CreateItem /> renders and matches snapshot 1`] = `
<form
  className="Form-sc-1xszr8q-0 krRxky"
  data-test="form"
  onSubmit={[Function]}
>
  <DisplayError
    error={Object {}}
  />
  <fieldset
    aria-busy={false}
    disabled={false}
  >
    <label
      htmlFor="file"
    >
      Image File
    </label>
    <input
      id="file"
      name="file"
      onChange={[Function]}
      placeholder="Upload file"
      required={true}
      type="file"
    />
    <label
      htmlFor="title"
    >
      Title
    </label>
    <input
      id="title"
      name="title"
      onChange={[Function]}
      placeholder="Title"
      required={true}
      type="text"
      value=""
    />
    <label
      htmlFor="price"
    >
      Price
    </label>
    <input
      id="price"
      name="price"
      onChange={[Function]}
      placeholder="Price"
      required={true}
      type="number"
      value={0}
    />
    <label
      htmlFor="description"
    >
      Description
    </label>
    <textarea
      id="description"
      name="description"
      onChange={[Function]}
      placeholder="Enter a description"
      required={true}
      value=""
    />
    <button
      type="submit"
    >
      Submit
    </button>
  </fieldset>
</form>
`;
