// Jest Snapshot v1, https://goo.gl/fbAQLP

exports[`<Pagination /> renders the pagination for 18 items 1`] = `null`;
