// Jest Snapshot v1, https://goo.gl/fbAQLP

exports[`<Signup /> renders and matches snapshot 1`] = `
<form
  className="Form-sc-1xszr8q-0 krRxky"
  method="post"
  onSubmit={[Function]}
>
  <fieldset
    aria-busy={false}
    disabled={false}
  >
    <h2>
      Sign up for an account
    </h2>
    <DisplayError
      error={Object {}}
    />
    <label
      htmlFor="email"
    />
    Email
    <input
      id="email"
      name="email"
      onChange={[Function]}
      placeholder="Your Email please"
      type="email"
      value=""
    />
    <label
      htmlFor="name"
    />
    Name
    <input
      id="name"
      name="name"
      onChange={[Function]}
      placeholder="Your Name please"
      type="text"
      value=""
    />
    <label
      htmlFor="password"
    />
    Password
    <input
      id="password"
      name="password"
      onChange={[Function]}
      placeholder="Your Password please"
      type="password"
      value=""
    />
    <button
      type="submit"
    >
      Sign up
    </button>
  </fieldset>
</form>
`;
